// Jest Snapshot v1, https://goo.gl/fbAQLP

exports[`Header renders correctly 1`] = `
<View
  style={
    Array [
      Object {
        "alignItems": "flex-end",
        "flexDirection": "row",
        "height": 166.75,
        "justifyContent": "space-between",
        "paddingBottom": 5,
        "width": 710,
      },
    ]
  }
>
  <View
    accessible={true}
    focusable={true}
    onClick={[Function]}
    onResponderGrant={[Function]}
    onResponderMove={[Function]}
    onResponderRelease={[Function]}
    onResponderTerminate={[Function]}
    onResponderTerminationRequest={[Function]}
    onStartShouldSetResponder={[Function]}
    style={
      Object {
        "opacity": 1,
      }
    }
  >
    <Text
      style={
        Array [
          Object {
            "color": "#1B98F2",
            "fontSize": 20,
            "paddingBottom": 5,
            "paddingLeft": 20,
          },
        ]
      }
    >
      Restart
    </Text>
  </View>
  <Text
    style={
      Array [
        Object {
          "color": "#FFFFFF",
          "fontSize": 30,
          "paddingRight": 20,
        },
      ]
    }
  >
    STEPS: 
    <Text
      style={
        Array [
          Object {
            "color": "#1B98F2",
            "fontSize": 35,
          },
        ]
      }
    >
      5
    </Text>
  </Text>
</View>
`;
