// Jest Snapshot v1, https://goo.gl/fbAQLP

exports[`Main component renders correctly 1`] = `
<Styled(View)>
  <Header
    onPressResetGame={[Function]}
    steps={0}
  />
  <FlatList
    disableVirtualization={false}
    horizontal={false}
    initialNumToRender={10}
    keyExtractor={[Function]}
    maxToRenderPerBatch={10}
    numColumns={3}
    onEndReachedThreshold={2}
    removeClippedSubviews={false}
    renderItem={[Function]}
    scrollEnabled={false}
    scrollEventThrottle={50}
    showsVerticalScrollIndicator={false}
    updateCellsBatchingPeriod={50}
    windowSize={21}
  />
  <ExpoStatusBar
    style="auto"
  />
</Styled(View)>
`;
